{
  "kind": "Retained action crossings; raw posterior reconstruction and q-swapped diagnostics, no controller changes",
  "runner_sha256": "07e27b7d0a394aebe0117e8a92bc722c9de8ed5eb78b386c3c8689a29b28583b",
  "rows": [
    {
      "dataset": "har240",
      "seed": 72007,
      "origin": 68,
      "control": "frequentist_gate",
      "full_action": true,
      "control_action": false,
      "mass": 21.487558857579902,
      "blocks": 71,
      "predictive_tangent_scale": 0.008306225827265597,
      "raw_directional_posterior_variance": 0.00045611118401297216,
      "raw_directional_block_variance": 0.010256827096092169,
      "posterior_concentration_identity_error": 0.0,
      "full_weights": [
        0.6428129841205572,
        0.3571870158794429
      ],
      "control_weights": [
        0.6428129841205572,
        0.3571870158794429
      ],
      "weight_l2": 0.0,
      "full_gain": 11.403356070629751,
      "control_gain": 11.403356070629751,
      "full_sd": 3.0184972484447514,
      "control_sd": 13.026367687977109,
      "full_issued_q": 1.8183853754626687,
      "control_issued_q": 0.6398229916184318,
      "full_penalty": 5.488791252446242,
      "control_penalty": 8.33456954404319,
      "full_gate_score": 0.9145648181835098,
      "control_gate_score": -1.9312134734134379,
      "full_score_with_control_q": 4.472052130937826,
      "control_score_with_full_q": -17.283600428587278,
      "action_difference_value": 17.0,
      "true_gross": 22.0,
      "local_net": 17.0,
      "opportunity_slack": 0.0,
      "covered": true,
      "maturity": 75
    },
    {
      "dataset": "har240",
      "seed": 72010,
      "origin": 68,
      "control": "frequentist_gate",
      "full_action": true,
      "control_action": false,
      "mass": 21.691878459989027,
      "blocks": 72,
      "predictive_tangent_scale": 0.007607356888472611,
      "raw_directional_posterior_variance": 0.0004151156291292091,
      "raw_directional_block_variance": 0.009419753403041893,
      "posterior_concentration_identity_error": 0.0,
      "full_weights": [
        0.6428129841205572,
        0.3571870158794429
      ],
      "control_weights": [
        0.6428129841205572,
        0.3571870158794429
      ],
      "weight_l2": 0.0,
      "full_gain": 11.830715761958306,
      "control_gain": 11.830715761958306,
      "full_sd": 2.905108340088707,
      "control_sd": 12.488860626792116,
      "full_issued_q": 1.8683853754626685,
      "control_issued_q": 0.6898229916184319,
      "full_penalty": 5.4278619367563685,
      "control_penalty": 8.615103199479382,
      "full_gate_score": 1.4028538252019374,
      "control_gate_score": -1.784387437521076,
      "full_score_with_control_q": 4.826705235822658,
      "control_score_with_full_q": -16.50328878933162,
      "action_difference_value": 17.0,
      "true_gross": 22.0,
      "local_net": 17.0,
      "opportunity_slack": 0.0,
      "covered": true,
      "maturity": 73
    },
    {
      "dataset": "mhealth319",
      "seed": 72006,
      "origin": 4,
      "control": "bayes_gate",
      "full_action": false,
      "control_action": true,
      "mass": 2.0000000000000004,
      "blocks": 21,
      "predictive_tangent_scale": 0.008668480753941091,
      "raw_directional_posterior_variance": 0.0046449462715183595,
      "raw_directional_block_variance": 0.013934838814555083,
      "posterior_concentration_identity_error": 0.0,
      "full_weights": [
        0.8,
        0.0007141678657738084,
        0.19928583213422635
      ],
      "control_weights": [
        0.6937393743015571,
        0.007150093248583606,
        0.29911053244985875
      ],
      "weight_l2": 0.14593735814541633,
      "full_gain": 7.983202960715652,
      "control_gain": 11.609242694255784,
      "full_sd": 8.817097011633523,
      "control_sd": 8.900819648436093,
      "full_issued_q": 0.712754940043107,
      "control_issued_q": 0.7147262628851997,
      "full_penalty": 6.28442945188111,
      "control_penalty": 6.361649563941885,
      "full_gate_score": -3.3012264911654574,
      "control_gate_score": 0.2475931303138985,
      "full_score_with_control_q": -3.3186078359054374,
      "control_score_with_full_q": 0.26513951940020775,
      "action_difference_value": 22.0,
      "true_gross": -19.0,
      "local_net": -22.0,
      "opportunity_slack": 2.0,
      "covered": false,
      "maturity": 10
    },
    {
      "dataset": "mhealth319",
      "seed": 72007,
      "origin": 4,
      "control": "bayes_gate",
      "full_action": false,
      "control_action": true,
      "mass": 2.0000000000000004,
      "blocks": 21,
      "predictive_tangent_scale": 0.008668480753941091,
      "raw_directional_posterior_variance": 0.0046449462715183595,
      "raw_directional_block_variance": 0.013934838814555083,
      "posterior_concentration_identity_error": 0.0,
      "full_weights": [
        0.8,
        0.0007141678657738084,
        0.19928583213422635
      ],
      "control_weights": [
        0.6937393743015571,
        0.007150093248583606,
        0.29911053244985875
      ],
      "weight_l2": 0.14593735814541633,
      "full_gain": 7.983202960715652,
      "control_gain": 11.609242694255784,
      "full_sd": 8.817097011633523,
      "control_sd": 8.900819648436093,
      "full_issued_q": 0.712754940043107,
      "control_issued_q": 0.7147262628851997,
      "full_penalty": 6.28442945188111,
      "control_penalty": 6.361649563941885,
      "full_gate_score": -3.3012264911654574,
      "control_gate_score": 0.2475931303138985,
      "full_score_with_control_q": -3.3186078359054374,
      "control_score_with_full_q": 0.26513951940020775,
      "action_difference_value": 22.0,
      "true_gross": -19.0,
      "local_net": -22.0,
      "opportunity_slack": 2.0,
      "covered": false,
      "maturity": 10
    },
    {
      "dataset": "mhealth319",
      "seed": 72009,
      "origin": 4,
      "control": "bayes_gate",
      "full_action": false,
      "control_action": true,
      "mass": 2.0000000000000004,
      "blocks": 21,
      "predictive_tangent_scale": 0.008668480753941091,
      "raw_directional_posterior_variance": 0.0046449462715183595,
      "raw_directional_block_variance": 0.013934838814555083,
      "posterior_concentration_identity_error": 0.0,
      "full_weights": [
        0.8,
        0.0007141678657738084,
        0.19928583213422635
      ],
      "control_weights": [
        0.6937393743015571,
        0.007150093248583606,
        0.29911053244985875
      ],
      "weight_l2": 0.14593735814541633,
      "full_gain": 7.983202960715652,
      "control_gain": 11.609242694255784,
      "full_sd": 8.817097011633523,
      "control_sd": 8.900819648436093,
      "full_issued_q": 0.712754940043107,
      "control_issued_q": 0.7147262628851997,
      "full_penalty": 6.28442945188111,
      "control_penalty": 6.361649563941885,
      "full_gate_score": -3.3012264911654574,
      "control_gate_score": 0.2475931303138985,
      "full_score_with_control_q": -3.3186078359054374,
      "control_score_with_full_q": 0.26513951940020775,
      "action_difference_value": 22.0,
      "true_gross": -19.0,
      "local_net": -22.0,
      "opportunity_slack": 2.0,
      "covered": false,
      "maturity": 11
    },
    {
      "dataset": "mhealth319",
      "seed": 72010,
      "origin": 4,
      "control": "bayes_gate",
      "full_action": false,
      "control_action": true,
      "mass": 2.0000000000000004,
      "blocks": 21,
      "predictive_tangent_scale": 0.008668480753941091,
      "raw_directional_posterior_variance": 0.0046449462715183595,
      "raw_directional_block_variance": 0.013934838814555083,
      "posterior_concentration_identity_error": 0.0,
      "full_weights": [
        0.8,
        0.0007141678657738084,
        0.19928583213422635
      ],
      "control_weights": [
        0.6937393743015571,
        0.007150093248583606,
        0.29911053244985875
      ],
      "weight_l2": 0.14593735814541633,
      "full_gain": 7.983202960715652,
      "control_gain": 11.609242694255784,
      "full_sd": 8.817097011633523,
      "control_sd": 8.900819648436093,
      "full_issued_q": 0.712754940043107,
      "control_issued_q": 0.7147262628851997,
      "full_penalty": 6.28442945188111,
      "control_penalty": 6.361649563941885,
      "full_gate_score": -3.3012264911654574,
      "control_gate_score": 0.2475931303138985,
      "full_score_with_control_q": -3.3186078359054374,
      "control_score_with_full_q": 0.26513951940020775,
      "action_difference_value": 22.0,
      "true_gross": -19.0,
      "local_net": -22.0,
      "opportunity_slack": 2.0,
      "covered": false,
      "maturity": 11
    }
  ],
  "max_posterior_concentration_identity_error": 0.0,
  "total_reconstructed_forks": 2960,
  "min_opportunity_slack": 0.0,
  "max_opportunity_slack": 2.0,
  "uncovered_forks": 254,
  "all_slack_bounds_passed": true
}
