BENCHMARK {'dataset': 'occupancy357', 'seed': 72006, 'load_seconds': 0.48740904200531077, 'world_precompute_seconds': 0.2533686659880914, 'all_arm_run_audit_seconds': 0.17093720901175402, 'total_seed_seconds': 0.4243058749998454, 'conservative_20_trial_estimate_seconds': 10.435753668018151, 'arm_set_retained': ['joint', 'bayes_gate', 'bayes_both', 'frequentist_gate']}
DELAY_EXTENSION occupancy357 72006 {'joint': (7967.5, 0, 0, 0.9375), 'bayes_gate': (7967.5, 0, 0, 0.9375), 'bayes_both': (7967.5, 0, 0, 0.9375), 'frequentist_gate': (7967.5, 0, 0, 0.9375)}
DELAY_EXTENSION occupancy357 72007 {'joint': (7959.5, 0, 0, 0.9375), 'bayes_gate': (7959.5, 0, 0, 0.9375), 'bayes_both': (7959.5, 0, 0, 0.9375), 'frequentist_gate': (7959.5, 0, 0, 0.9375)}
DELAY_EXTENSION occupancy357 72008 {'joint': (7965.5, 0, 0, 0.953125), 'bayes_gate': (7965.5, 0, 0, 0.953125), 'bayes_both': (7965.5, 0, 0, 0.953125), 'frequentist_gate': (7965.5, 0, 0, 0.953125)}
DELAY_EXTENSION occupancy357 72009 {'joint': (7968.5, 0, 0, 0.921875), 'bayes_gate': (7968.5, 0, 0, 0.921875), 'bayes_both': (7968.5, 0, 0, 0.921875), 'frequentist_gate': (7968.5, 0, 0, 0.921875)}
DELAY_EXTENSION occupancy357 72010 {'joint': (7965.5, 0, 0, 0.953125), 'bayes_gate': (7965.5, 0, 0, 0.953125), 'bayes_both': (7965.5, 0, 0, 0.953125), 'frequentist_gate': (7965.5, 0, 0, 0.953125)}
DELAY_EXTENSION occupancy864 72006 {'joint': (3734.16, 1, 1, 0.967741935483871), 'bayes_gate': (3769.16, 0, 0, 0.967741935483871), 'bayes_both': (3769.16, 0, 0, 0.967741935483871), 'frequentist_gate': (3769.16, 0, 0, 0.967741935483871)}
DELAY_EXTENSION occupancy864 72007 {'joint': (3729.16, 1, 1, 0.967741935483871), 'bayes_gate': (3765.16, 0, 0, 0.967741935483871), 'bayes_both': (3765.16, 0, 0, 0.967741935483871), 'frequentist_gate': (3765.16, 0, 0, 0.967741935483871)}
DELAY_EXTENSION occupancy864 72008 {'joint': (3732.16, 1, 1, 0.967741935483871), 'bayes_gate': (3770.16, 0, 0, 0.967741935483871), 'bayes_both': (3770.16, 0, 0, 0.967741935483871), 'frequentist_gate': (3770.16, 0, 0, 0.967741935483871)}
DELAY_EXTENSION occupancy864 72009 {'joint': (3730.16, 1, 1, 0.967741935483871), 'bayes_gate': (3766.16, 0, 0, 0.967741935483871), 'bayes_both': (3766.16, 0, 0, 0.967741935483871), 'frequentist_gate': (3766.16, 0, 0, 0.967741935483871)}
DELAY_EXTENSION occupancy864 72010 {'joint': (3730.16, 1, 1, 0.967741935483871), 'bayes_gate': (3766.16, 0, 0, 0.967741935483871), 'bayes_both': (3766.16, 0, 0, 0.967741935483871), 'frequentist_gate': (3766.16, 0, 0, 0.967741935483871)}
DELAY_EXTENSION mhealth319 72006 {'joint': (1474.24, 6, 5, 0.6666666666666666), 'bayes_gate': (1484.24, 4, 3, 0.6666666666666666), 'bayes_both': (1506.24, 3, 2, 0.6666666666666666), 'frequentist_gate': (1490.24, 1, 1, 0.8095238095238095)}
DELAY_EXTENSION mhealth319 72007 {'joint': (1458.24, 5, 5, 0.7142857142857143), 'bayes_gate': (1476.24, 3, 3, 0.7142857142857143), 'bayes_both': (1498.24, 2, 2, 0.7142857142857143), 'frequentist_gate': (1489.24, 1, 1, 0.8095238095238095)}
DELAY_EXTENSION mhealth319 72008 {'joint': (1464.24, 5, 5, 0.7142857142857143), 'bayes_gate': (1488.24, 2, 2, 0.7142857142857143), 'bayes_both': (1488.24, 2, 2, 0.7142857142857143), 'frequentist_gate': (1506.24, 1, 1, 0.8095238095238095)}
DELAY_EXTENSION mhealth319 72009 {'joint': (1459.24, 6, 6, 0.6666666666666666), 'bayes_gate': (1476.24, 3, 3, 0.6666666666666666), 'bayes_both': (1498.24, 2, 2, 0.6666666666666666), 'frequentist_gate': (1496.24, 1, 1, 0.7619047619047619)}
DELAY_EXTENSION mhealth319 72010 {'joint': (1463.24, 5, 5, 0.6666666666666666), 'bayes_gate': (1469.24, 4, 4, 0.6666666666666666), 'bayes_both': (1491.24, 3, 3, 0.6666666666666666), 'frequentist_gate': (1500.24, 1, 1, 0.8095238095238095)}
DELAY_EXTENSION har240 72006 {'joint': (3283.02, 4, 3, 0.9375), 'bayes_gate': (3291.02, 0, 0, 0.9375), 'bayes_both': (3291.02, 0, 0, 0.9375), 'frequentist_gate': (3291.02, 0, 0, 0.96875)}
DELAY_EXTENSION har240 72007 {'joint': (3294.02, 3, 2, 0.96875), 'bayes_gate': (3301.02, 1, 0, 0.96875), 'bayes_both': (3301.02, 1, 0, 0.96875), 'frequentist_gate': (3284.02, 0, 0, 0.96875)}
DELAY_EXTENSION har240 72008 {'joint': (3326.02, 3, 2, 0.9375), 'bayes_gate': (3329.02, 0, 0, 0.9375), 'bayes_both': (3329.02, 0, 0, 0.9375), 'frequentist_gate': (3329.02, 0, 0, 0.9375)}
DELAY_EXTENSION har240 72009 {'joint': (3291.02, 2, 1, 0.9375), 'bayes_gate': (3295.02, 1, 0, 0.9375), 'bayes_both': (3295.02, 1, 0, 0.9375), 'frequentist_gate': (3295.02, 1, 0, 0.96875)}
DELAY_EXTENSION har240 72010 {'joint': (3281.02, 5, 3, 0.90625), 'bayes_gate': (3284.02, 1, 0, 0.90625), 'bayes_both': (3284.02, 1, 0, 0.90625), 'frequentist_gate': (3267.02, 0, 0, 0.90625)}
COMPLETE {'all_passed': True, 'service_comparisons': 80, 'max_kkt': 9.996108385479374e-10, 'package_unchanged': True}
