{
  "conditional_copula": [
    48.2,
    10,
    1,
    [
      9,
      12
    ]
  ],
  "conditional_factorized": [
    116.2,
    14,
    2,
    [
      13,
      17
    ]
  ],
  "conditional_gaussian": [
    48.2,
    10,
    1,
    [
      9,
      12
    ]
  ],
  "conditional_joint": [
    48.2,
    10,
    1,
    [
      9,
      12
    ]
  ],
  "conditional_joint_diagP": [
    48.2,
    10,
    1,
    [
      9,
      12
    ]
  ],
  "conditional_marginal": [
    117.2,
    14,
    1,
    [
      13,
      16
    ]
  ],
  "conditional_sandwich": [
    43.2,
    9,
    2,
    [
      8,
      12
    ]
  ],
  "legacy_factorized": [
    93.6,
    6,
    0,
    [
      6,
      6
    ]
  ],
  "legacy_sandwich": [
    119.4,
    15,
    4,
    [
      14,
      21
    ]
  ],
  "pdf_MLP": [
    876.0,
    96,
    13,
    [
      59,
      111
    ]
  ],
  "qmf_MLP": [
    883.4,
    96,
    11,
    [
      48,
      109
    ]
  ]
}
