CAL paired {'bandwidth': 0.25, 'probability': 0.8} 77.33333333333333
CAL paired {'bandwidth': 0.25, 'probability': 0.9} 62.666666666666664
CAL paired {'bandwidth': 0.25, 'probability': 0.95} 26.666666666666668
CAL paired {'bandwidth': 0.5, 'probability': 0.8} 77.33333333333333
CAL paired {'bandwidth': 0.5, 'probability': 0.9} 78.0
CAL paired {'bandwidth': 0.5, 'probability': 0.95} 32.0
CAL paired {'bandwidth': 1.0, 'probability': 0.8} 186.0
CAL paired {'bandwidth': 1.0, 'probability': 0.9} 186.66666666666666
CAL paired {'bandwidth': 1.0, 'probability': 0.95} 148.66666666666666
CAL pair_factorized {'bandwidth': 0.25, 'probability': 0.8} 57.0
CAL pair_factorized {'bandwidth': 0.25, 'probability': 0.9} 62.666666666666664
CAL pair_factorized {'bandwidth': 0.25, 'probability': 0.95} 26.666666666666668
CAL pair_factorized {'bandwidth': 0.5, 'probability': 0.8} 57.0
CAL pair_factorized {'bandwidth': 0.5, 'probability': 0.9} 78.0
CAL pair_factorized {'bandwidth': 0.5, 'probability': 0.95} 32.0
CAL pair_factorized {'bandwidth': 1.0, 'probability': 0.8} 148.0
CAL pair_factorized {'bandwidth': 1.0, 'probability': 0.9} 148.66666666666666
CAL pair_factorized {'bandwidth': 1.0, 'probability': 0.95} 148.66666666666666
CAL full_gaussian {'bandwidth': 0.25, 'probability': 0.8} 57.0
CAL full_gaussian {'bandwidth': 0.25, 'probability': 0.9} 52.333333333333336
CAL full_gaussian {'bandwidth': 0.25, 'probability': 0.95} 7.333333333333333
CAL full_gaussian {'bandwidth': 0.5, 'probability': 0.8} 77.33333333333333
CAL full_gaussian {'bandwidth': 0.5, 'probability': 0.9} 78.0
CAL full_gaussian {'bandwidth': 0.5, 'probability': 0.95} 32.0
CAL full_gaussian {'bandwidth': 1.0, 'probability': 0.8} 148.0
CAL full_gaussian {'bandwidth': 1.0, 'probability': 0.9} 148.66666666666666
CAL full_gaussian {'bandwidth': 1.0, 'probability': 0.95} 148.66666666666666
CAL joint_diagonal_kernel {'bandwidth': 0.25, 'probability': 0.8} 86.66666666666667
CAL joint_diagonal_kernel {'bandwidth': 0.25, 'probability': 0.9} 62.666666666666664
CAL joint_diagonal_kernel {'bandwidth': 0.25, 'probability': 0.95} 32.0
CAL joint_diagonal_kernel {'bandwidth': 0.5, 'probability': 0.8} 86.66666666666667
CAL joint_diagonal_kernel {'bandwidth': 0.5, 'probability': 0.9} 87.33333333333333
CAL joint_diagonal_kernel {'bandwidth': 0.5, 'probability': 0.95} 32.0
CAL joint_diagonal_kernel {'bandwidth': 1.0, 'probability': 0.8} 157.33333333333334
CAL joint_diagonal_kernel {'bandwidth': 1.0, 'probability': 0.9} 158.0
CAL joint_diagonal_kernel {'bandwidth': 1.0, 'probability': 0.95} 148.66666666666666
CAL unconditional {'bandwidth': 0.25, 'probability': 0.8} 86.66666666666667
CAL unconditional {'bandwidth': 0.25, 'probability': 0.9} 57.333333333333336
CAL unconditional {'bandwidth': 0.25, 'probability': 0.95} 26.666666666666668
CAL unconditional {'bandwidth': 0.5, 'probability': 0.8} 86.66666666666667
CAL unconditional {'bandwidth': 0.5, 'probability': 0.9} 72.66666666666667
CAL unconditional {'bandwidth': 0.5, 'probability': 0.95} 26.666666666666668
CAL unconditional {'bandwidth': 1.0, 'probability': 0.8} 195.33333333333334
CAL unconditional {'bandwidth': 1.0, 'probability': 0.9} 181.33333333333334
CAL unconditional {'bandwidth': 1.0, 'probability': 0.95} 181.33333333333334
CAL conditional_moment {'bandwidth': 0.25, 'probability': 0.8} 77.33333333333333
CAL conditional_moment {'bandwidth': 0.25, 'probability': 0.9} 62.666666666666664
CAL conditional_moment {'bandwidth': 0.25, 'probability': 0.95} 26.666666666666668
CAL conditional_moment {'bandwidth': 0.5, 'probability': 0.8} 77.33333333333333
CAL conditional_moment {'bandwidth': 0.5, 'probability': 0.9} 78.0
CAL conditional_moment {'bandwidth': 0.5, 'probability': 0.95} 32.0
CAL conditional_moment {'bandwidth': 1.0, 'probability': 0.8} 186.0
CAL conditional_moment {'bandwidth': 1.0, 'probability': 0.9} 186.66666666666666
CAL conditional_moment {'bandwidth': 1.0, 'probability': 0.95} 148.66666666666666
SELECT {'paired': {'arm': 'paired', 'config': {'bandwidth': 1.0, 'probability': 0.9}, 'net': 186.66666666666666}, 'pair_factorized': {'arm': 'pair_factorized', 'config': {'bandwidth': 1.0, 'probability': 0.95}, 'net': 148.66666666666666}, 'full_gaussian': {'arm': 'full_gaussian', 'config': {'bandwidth': 1.0, 'probability': 0.95}, 'net': 148.66666666666666}, 'joint_diagonal_kernel': {'arm': 'joint_diagonal_kernel', 'config': {'bandwidth': 1.0, 'probability': 0.9}, 'net': 158.0}, 'unconditional': {'arm': 'unconditional', 'config': {'bandwidth': 1.0, 'probability': 0.8}, 'net': 195.33333333333334}, 'conditional_moment': {'arm': 'conditional_moment', 'config': {'bandwidth': 1.0, 'probability': 0.9}, 'net': 186.66666666666666}}
