{
  "paired": {
    "coverage": {
      "issued": {
        "covered": 489,
        "total": 500,
        "rate": 0.978
      },
      "ready": {
        "covered": 269,
        "total": 280,
        "rate": 0.9607142857142857
      },
      "informative": {
        "covered": 14,
        "total": 19,
        "rate": 0.7368421052631579
      },
      "admitted": {
        "covered": 0,
        "total": 0,
        "rate": null
      }
    },
    "admissions": 0,
    "beneficial": 0,
    "harmful": 0,
    "zero": 0,
    "negative_loss": 0,
    "net_increment": 0,
    "excess_max": 0.0,
    "excess_sum": 0,
    "excess_mean": null,
    "guard_refusals": 0,
    "max_spent_plus_pending": 0.0,
    "ledger_supplied": true,
    "calibration_effective_count_min": null,
    "calibration_effective_count_max": null,
    "empty_stratum_issued": 106,
    "empty_stratum_positive_raw_refusals": 0,
    "empty_stratum_beneficial_opportunities": 0,
    "empty_stratum_harmful_opportunities": 0,
    "empty_stratum_missed_potential_gain": 0,
    "mean_increment": 0.0,
    "seed_increments": [
      0.0,
      0.0,
      0.0,
      0.0,
      0.0
    ]
  },
  "pair_factorized": {
    "coverage": {
      "issued": {
        "covered": 489,
        "total": 500,
        "rate": 0.978
      },
      "ready": {
        "covered": 269,
        "total": 280,
        "rate": 0.9607142857142857
      },
      "informative": {
        "covered": 14,
        "total": 19,
        "rate": 0.7368421052631579
      },
      "admitted": {
        "covered": 0,
        "total": 0,
        "rate": null
      }
    },
    "admissions": 0,
    "beneficial": 0,
    "harmful": 0,
    "zero": 0,
    "negative_loss": 0,
    "net_increment": 0,
    "excess_max": 0.0,
    "excess_sum": 0,
    "excess_mean": null,
    "guard_refusals": 0,
    "max_spent_plus_pending": 0.0,
    "ledger_supplied": true,
    "calibration_effective_count_min": null,
    "calibration_effective_count_max": null,
    "empty_stratum_issued": 106,
    "empty_stratum_positive_raw_refusals": 0,
    "empty_stratum_beneficial_opportunities": 0,
    "empty_stratum_harmful_opportunities": 0,
    "empty_stratum_missed_potential_gain": 0,
    "mean_increment": 0.0,
    "seed_increments": [
      0.0,
      0.0,
      0.0,
      0.0,
      0.0
    ]
  },
  "full_gaussian": {
    "coverage": {
      "issued": {
        "covered": 488,
        "total": 500,
        "rate": 0.976
      },
      "ready": {
        "covered": 268,
        "total": 280,
        "rate": 0.9571428571428572
      },
      "informative": {
        "covered": 14,
        "total": 19,
        "rate": 0.7368421052631579
      },
      "admitted": {
        "covered": 0,
        "total": 0,
        "rate": null
      }
    },
    "admissions": 0,
    "beneficial": 0,
    "harmful": 0,
    "zero": 0,
    "negative_loss": 0,
    "net_increment": 0,
    "excess_max": 0.0,
    "excess_sum": 0,
    "excess_mean": null,
    "guard_refusals": 0,
    "max_spent_plus_pending": 0.0,
    "ledger_supplied": true,
    "calibration_effective_count_min": null,
    "calibration_effective_count_max": null,
    "empty_stratum_issued": 106,
    "empty_stratum_positive_raw_refusals": 0,
    "empty_stratum_beneficial_opportunities": 0,
    "empty_stratum_harmful_opportunities": 0,
    "empty_stratum_missed_potential_gain": 0,
    "mean_increment": 0.0,
    "seed_increments": [
      0.0,
      0.0,
      0.0,
      0.0,
      0.0
    ]
  },
  "joint_diagonal_kernel": {
    "coverage": {
      "issued": {
        "covered": 489,
        "total": 500,
        "rate": 0.978
      },
      "ready": {
        "covered": 269,
        "total": 280,
        "rate": 0.9607142857142857
      },
      "informative": {
        "covered": 14,
        "total": 19,
        "rate": 0.7368421052631579
      },
      "admitted": {
        "covered": 0,
        "total": 0,
        "rate": null
      }
    },
    "admissions": 0,
    "beneficial": 0,
    "harmful": 0,
    "zero": 0,
    "negative_loss": 0,
    "net_increment": 0,
    "excess_max": 0.0,
    "excess_sum": 0,
    "excess_mean": null,
    "guard_refusals": 0,
    "max_spent_plus_pending": 0.0,
    "ledger_supplied": true,
    "calibration_effective_count_min": null,
    "calibration_effective_count_max": null,
    "empty_stratum_issued": 106,
    "empty_stratum_positive_raw_refusals": 0,
    "empty_stratum_beneficial_opportunities": 0,
    "empty_stratum_harmful_opportunities": 0,
    "empty_stratum_missed_potential_gain": 0,
    "mean_increment": 0.0,
    "seed_increments": [
      0.0,
      0.0,
      0.0,
      0.0,
      0.0
    ]
  },
  "unconditional": {
    "coverage": {
      "issued": {
        "covered": 488,
        "total": 500,
        "rate": 0.976
      },
      "ready": {
        "covered": 268,
        "total": 280,
        "rate": 0.9571428571428572
      },
      "informative": {
        "covered": 14,
        "total": 19,
        "rate": 0.7368421052631579
      },
      "admitted": {
        "covered": 0,
        "total": 0,
        "rate": null
      }
    },
    "admissions": 0,
    "beneficial": 0,
    "harmful": 0,
    "zero": 0,
    "negative_loss": 0,
    "net_increment": 0,
    "excess_max": 0.0,
    "excess_sum": 0,
    "excess_mean": null,
    "guard_refusals": 0,
    "max_spent_plus_pending": 0.0,
    "ledger_supplied": true,
    "calibration_effective_count_min": null,
    "calibration_effective_count_max": null,
    "empty_stratum_issued": 106,
    "empty_stratum_positive_raw_refusals": 0,
    "empty_stratum_beneficial_opportunities": 0,
    "empty_stratum_harmful_opportunities": 0,
    "empty_stratum_missed_potential_gain": 0,
    "mean_increment": 0.0,
    "seed_increments": [
      0.0,
      0.0,
      0.0,
      0.0,
      0.0
    ]
  },
  "conditional_moment": {
    "coverage": {
      "issued": {
        "covered": 489,
        "total": 500,
        "rate": 0.978
      },
      "ready": {
        "covered": 269,
        "total": 280,
        "rate": 0.9607142857142857
      },
      "informative": {
        "covered": 14,
        "total": 19,
        "rate": 0.7368421052631579
      },
      "admitted": {
        "covered": 0,
        "total": 0,
        "rate": null
      }
    },
    "admissions": 0,
    "beneficial": 0,
    "harmful": 0,
    "zero": 0,
    "negative_loss": 0,
    "net_increment": 0,
    "excess_max": 0.0,
    "excess_sum": 0,
    "excess_mean": null,
    "guard_refusals": 0,
    "max_spent_plus_pending": 0.0,
    "ledger_supplied": true,
    "calibration_effective_count_min": null,
    "calibration_effective_count_max": null,
    "empty_stratum_issued": 106,
    "empty_stratum_positive_raw_refusals": 0,
    "empty_stratum_beneficial_opportunities": 0,
    "empty_stratum_harmful_opportunities": 0,
    "empty_stratum_missed_potential_gain": 0,
    "mean_increment": 0.0,
    "seed_increments": [
      0.0,
      0.0,
      0.0,
      0.0,
      0.0
    ]
  },
  "pdf": {
    "coverage": {
      "issued": {
        "covered": 489,
        "total": 500,
        "rate": 0.978
      },
      "ready": {
        "covered": 489,
        "total": 500,
        "rate": 0.978
      },
      "informative": {
        "covered": 10,
        "total": 19,
        "rate": 0.5263157894736842
      },
      "admitted": {
        "covered": 0,
        "total": 2,
        "rate": 0.0
      }
    },
    "admissions": 2,
    "beneficial": 0,
    "harmful": 2,
    "zero": 0,
    "negative_loss": 15.0,
    "net_increment": -15.0,
    "excess_max": 14.527165698287627,
    "excess_sum": 24.780590848228883,
    "excess_mean": 12.390295424114441,
    "guard_refusals": 0,
    "max_spent_plus_pending": 130.0,
    "ledger_supplied": true,
    "calibration_effective_count_min": 1.0,
    "calibration_effective_count_max": 1.0,
    "empty_stratum_issued": 5,
    "empty_stratum_positive_raw_refusals": 0,
    "empty_stratum_beneficial_opportunities": 0,
    "empty_stratum_harmful_opportunities": 0,
    "empty_stratum_missed_potential_gain": 0,
    "mean_increment": -3.0,
    "seed_increments": [
      -9.0,
      -6.0,
      0.0,
      0.0,
      0.0
    ]
  },
  "qmf": {
    "coverage": {
      "issued": {
        "covered": 489,
        "total": 500,
        "rate": 0.978
      },
      "ready": {
        "covered": 489,
        "total": 500,
        "rate": 0.978
      },
      "informative": {
        "covered": 10,
        "total": 19,
        "rate": 0.5263157894736842
      },
      "admitted": {
        "covered": 0,
        "total": 2,
        "rate": 0.0
      }
    },
    "admissions": 2,
    "beneficial": 0,
    "harmful": 2,
    "zero": 0,
    "negative_loss": 15.0,
    "net_increment": -15.0,
    "excess_max": 13.033590725433237,
    "excess_sum": 22.843976271542353,
    "excess_mean": 11.421988135771176,
    "guard_refusals": 0,
    "max_spent_plus_pending": 130.0,
    "ledger_supplied": true,
    "calibration_effective_count_min": 1.0,
    "calibration_effective_count_max": 1.0,
    "empty_stratum_issued": 5,
    "empty_stratum_positive_raw_refusals": 0,
    "empty_stratum_beneficial_opportunities": 0,
    "empty_stratum_harmful_opportunities": 0,
    "empty_stratum_missed_potential_gain": 0,
    "mean_increment": -3.0,
    "seed_increments": [
      -9.0,
      -6.0,
      0.0,
      0.0,
      0.0
    ]
  },
  "dbf": {
    "coverage": {
      "issued": {
        "covered": 489,
        "total": 500,
        "rate": 0.978
      },
      "ready": {
        "covered": 489,
        "total": 500,
        "rate": 0.978
      },
      "informative": {
        "covered": 10,
        "total": 19,
        "rate": 0.5263157894736842
      },
      "admitted": {
        "covered": 0,
        "total": 2,
        "rate": 0.0
      }
    },
    "admissions": 2,
    "beneficial": 0,
    "harmful": 2,
    "zero": 0,
    "negative_loss": 15.0,
    "net_increment": -15.0,
    "excess_max": 11.60321430920402,
    "excess_sum": 19.95937961964396,
    "excess_mean": 9.97968980982198,
    "guard_refusals": 0,
    "max_spent_plus_pending": 130.0,
    "ledger_supplied": true,
    "calibration_effective_count_min": 1.0,
    "calibration_effective_count_max": 1.0,
    "empty_stratum_issued": 5,
    "empty_stratum_positive_raw_refusals": 0,
    "empty_stratum_beneficial_opportunities": 0,
    "empty_stratum_harmful_opportunities": 0,
    "empty_stratum_missed_potential_gain": 0,
    "mean_increment": -3.0,
    "seed_increments": [
      -9.0,
      -6.0,
      0.0,
      0.0,
      0.0
    ]
  }
}
