CAL gas return_joint {'b_return': 0.25, 'b_source': 0.25, 'cap': 1.0} -3.3333333333333335
CAL gas return_joint {'b_return': 0.25, 'b_source': 0.5, 'cap': 1.0} -1.6666666666666667
CAL gas return_joint {'b_return': 0.25, 'b_source': 1.0, 'cap': 1.0} 0.0
CAL gas return_joint {'b_return': 0.5, 'b_source': 0.25, 'cap': 1.0} -3.3333333333333335
CAL gas return_joint {'b_return': 0.5, 'b_source': 0.5, 'cap': 1.0} -1.6666666666666667
CAL gas return_joint {'b_return': 0.5, 'b_source': 1.0, 'cap': 1.0} 0.0
CAL gas return_joint {'b_return': 1.0, 'b_source': 0.25, 'cap': 1.0} -3.3333333333333335
CAL gas return_joint {'b_return': 1.0, 'b_source': 0.5, 'cap': 1.0} -1.6666666666666667
CAL gas return_joint {'b_return': 1.0, 'b_source': 1.0, 'cap': 1.0} 0.0
CAL gas return_factorized {'b_return': 0.25, 'b_source': 0.25, 'cap': 1.0} 0.0
CAL gas return_factorized {'b_return': 0.25, 'b_source': 0.5, 'cap': 1.0} 0.0
CAL gas return_factorized {'b_return': 0.25, 'b_source': 1.0, 'cap': 1.0} -1.6666666666666667
CAL gas return_factorized {'b_return': 0.5, 'b_source': 0.25, 'cap': 1.0} 0.0
CAL gas return_factorized {'b_return': 0.5, 'b_source': 0.5, 'cap': 1.0} 0.0
CAL gas return_factorized {'b_return': 0.5, 'b_source': 1.0, 'cap': 1.0} 0.0
CAL gas return_factorized {'b_return': 1.0, 'b_source': 0.25, 'cap': 1.0} 0.0
CAL gas return_factorized {'b_return': 1.0, 'b_source': 0.5, 'cap': 1.0} 0.0
CAL gas return_factorized {'b_return': 1.0, 'b_source': 1.0, 'cap': 1.0} 0.0
CAL gas return_gaussian {'b_return': 0.25, 'b_source': 0.25, 'cap': 1.0} 0.0
CAL gas return_gaussian {'b_return': 0.25, 'b_source': 0.5, 'cap': 1.0} 0.0
CAL gas return_gaussian {'b_return': 0.25, 'b_source': 1.0, 'cap': 1.0} -1.6666666666666667
CAL gas return_gaussian {'b_return': 0.5, 'b_source': 0.25, 'cap': 1.0} 0.0
CAL gas return_gaussian {'b_return': 0.5, 'b_source': 0.5, 'cap': 1.0} 0.0
CAL gas return_gaussian {'b_return': 0.5, 'b_source': 1.0, 'cap': 1.0} 0.0
CAL gas return_gaussian {'b_return': 1.0, 'b_source': 0.25, 'cap': 1.0} 0.0
CAL gas return_gaussian {'b_return': 1.0, 'b_source': 0.5, 'cap': 1.0} 0.0
CAL gas return_gaussian {'b_return': 1.0, 'b_source': 1.0, 'cap': 1.0} 0.0
SELECT gas {'return_joint': {'arm': 'return_joint', 'config': {'b_return': 1.0, 'b_source': 1.0, 'cap': 1.0}, 'alpha_initial': 0.9444938069471622, 'fit_count': 49, 'fit_violations': 3, 'net': 0.0}, 'return_factorized': {'arm': 'return_factorized', 'config': {'b_return': 1.0, 'b_source': 1.0, 'cap': 1.0}, 'alpha_initial': 0.9689865449349571, 'fit_count': 49, 'fit_violations': 4, 'net': 0.0}, 'return_gaussian': {'arm': 'return_gaussian', 'config': {'b_return': 1.0, 'b_source': 1.0, 'cap': 1.0}, 'alpha_initial': 0.9125061767278617, 'fit_count': 49, 'fit_violations': 3, 'net': 0.0}}
