CAL rss return_joint {'b_return': 0.25, 'b_source': 0.25, 'cap': 1.0} -1.3333333333333333
CAL rss return_joint {'b_return': 0.25, 'b_source': 0.5, 'cap': 1.0} -1.3333333333333333
CAL rss return_joint {'b_return': 0.25, 'b_source': 1.0, 'cap': 1.0} 0.0
CAL rss return_joint {'b_return': 0.5, 'b_source': 0.25, 'cap': 1.0} -1.3333333333333333
CAL rss return_joint {'b_return': 0.5, 'b_source': 0.5, 'cap': 1.0} -1.3333333333333333
CAL rss return_joint {'b_return': 0.5, 'b_source': 1.0, 'cap': 1.0} 0.0
CAL rss return_joint {'b_return': 1.0, 'b_source': 0.25, 'cap': 1.0} -1.3333333333333333
CAL rss return_joint {'b_return': 1.0, 'b_source': 0.5, 'cap': 1.0} -1.3333333333333333
CAL rss return_joint {'b_return': 1.0, 'b_source': 1.0, 'cap': 1.0} 0.0
CAL rss return_factorized {'b_return': 0.25, 'b_source': 0.25, 'cap': 1.0} -2.6666666666666665
CAL rss return_factorized {'b_return': 0.25, 'b_source': 0.5, 'cap': 1.0} -0.3333333333333333
CAL rss return_factorized {'b_return': 0.25, 'b_source': 1.0, 'cap': 1.0} 0.0
CAL rss return_factorized {'b_return': 0.5, 'b_source': 0.25, 'cap': 1.0} -1.3333333333333333
CAL rss return_factorized {'b_return': 0.5, 'b_source': 0.5, 'cap': 1.0} 0.0
CAL rss return_factorized {'b_return': 0.5, 'b_source': 1.0, 'cap': 1.0} 0.0
CAL rss return_factorized {'b_return': 1.0, 'b_source': 0.25, 'cap': 1.0} -1.0
CAL rss return_factorized {'b_return': 1.0, 'b_source': 0.5, 'cap': 1.0} -0.6666666666666666
CAL rss return_factorized {'b_return': 1.0, 'b_source': 1.0, 'cap': 1.0} -0.6666666666666666
CAL rss return_gaussian {'b_return': 0.25, 'b_source': 0.25, 'cap': 1.0} -4.0
CAL rss return_gaussian {'b_return': 0.25, 'b_source': 0.5, 'cap': 1.0} -4.0
CAL rss return_gaussian {'b_return': 0.25, 'b_source': 1.0, 'cap': 1.0} -4.0
CAL rss return_gaussian {'b_return': 0.5, 'b_source': 0.25, 'cap': 1.0} -4.0
CAL rss return_gaussian {'b_return': 0.5, 'b_source': 0.5, 'cap': 1.0} -4.0
CAL rss return_gaussian {'b_return': 0.5, 'b_source': 1.0, 'cap': 1.0} -4.0
CAL rss return_gaussian {'b_return': 1.0, 'b_source': 0.25, 'cap': 1.0} -4.0
CAL rss return_gaussian {'b_return': 1.0, 'b_source': 0.5, 'cap': 1.0} -4.0
CAL rss return_gaussian {'b_return': 1.0, 'b_source': 1.0, 'cap': 1.0} -4.0
SELECT rss {'return_joint': {'arm': 'return_joint', 'config': {'b_return': 1.0, 'b_source': 1.0, 'cap': 1.0}, 'alpha_initial': 0.9735164580883489, 'fit_count': 51, 'fit_violations': 5, 'net': 0.0}, 'return_factorized': {'arm': 'return_factorized', 'config': {'b_return': 0.5, 'b_source': 1.0, 'cap': 1.0}, 'alpha_initial': 0.9620001258337694, 'fit_count': 51, 'fit_violations': 5, 'net': 0.0}, 'return_gaussian': {'arm': 'return_gaussian', 'config': {'b_return': 1.0, 'b_source': 1.0, 'cap': 1.0}, 'alpha_initial': 0.9782206141356178, 'fit_count': 51, 'fit_violations': 5, 'net': -4.0}}
