CAL {'arm': 'paired', 'config': {'bandwidth': 0.25, 'probability': 0.8}, 'net': 22.0}
CAL {'arm': 'paired', 'config': {'bandwidth': 0.25, 'probability': 0.9}, 'net': 22.0}
CAL {'arm': 'paired', 'config': {'bandwidth': 0.25, 'probability': 0.95}, 'net': 22.0}
CAL {'arm': 'paired', 'config': {'bandwidth': 0.5, 'probability': 0.8}, 'net': 22.0}
CAL {'arm': 'paired', 'config': {'bandwidth': 0.5, 'probability': 0.9}, 'net': 22.0}
CAL {'arm': 'paired', 'config': {'bandwidth': 0.5, 'probability': 0.95}, 'net': 14.666666666666666}
CAL {'arm': 'paired', 'config': {'bandwidth': 1.0, 'probability': 0.8}, 'net': 68.0}
CAL {'arm': 'paired', 'config': {'bandwidth': 1.0, 'probability': 0.9}, 'net': 5.333333333333333}
CAL {'arm': 'paired', 'config': {'bandwidth': 1.0, 'probability': 0.95}, 'net': 0.0}
CAL {'arm': 'pair_factorized', 'config': {'bandwidth': 0.25, 'probability': 0.8}, 'net': 22.0}
CAL {'arm': 'pair_factorized', 'config': {'bandwidth': 0.25, 'probability': 0.9}, 'net': 12.666666666666666}
CAL {'arm': 'pair_factorized', 'config': {'bandwidth': 0.25, 'probability': 0.95}, 'net': 12.666666666666666}
CAL {'arm': 'pair_factorized', 'config': {'bandwidth': 0.5, 'probability': 0.8}, 'net': 12.666666666666666}
CAL {'arm': 'pair_factorized', 'config': {'bandwidth': 0.5, 'probability': 0.9}, 'net': 12.666666666666666}
CAL {'arm': 'pair_factorized', 'config': {'bandwidth': 0.5, 'probability': 0.95}, 'net': 5.333333333333333}
CAL {'arm': 'pair_factorized', 'config': {'bandwidth': 1.0, 'probability': 0.8}, 'net': 58.666666666666664}
CAL {'arm': 'pair_factorized', 'config': {'bandwidth': 1.0, 'probability': 0.9}, 'net': 5.333333333333333}
CAL {'arm': 'pair_factorized', 'config': {'bandwidth': 1.0, 'probability': 0.95}, 'net': 0.0}
CAL {'arm': 'full_gaussian', 'config': {'bandwidth': 0.25, 'probability': 0.8}, 'net': 15.0}
CAL {'arm': 'full_gaussian', 'config': {'bandwidth': 0.25, 'probability': 0.9}, 'net': 15.0}
CAL {'arm': 'full_gaussian', 'config': {'bandwidth': 0.25, 'probability': 0.95}, 'net': 15.0}
CAL {'arm': 'full_gaussian', 'config': {'bandwidth': 0.5, 'probability': 0.8}, 'net': 10.0}
CAL {'arm': 'full_gaussian', 'config': {'bandwidth': 0.5, 'probability': 0.9}, 'net': 15.0}
CAL {'arm': 'full_gaussian', 'config': {'bandwidth': 0.5, 'probability': 0.95}, 'net': 7.666666666666667}
CAL {'arm': 'full_gaussian', 'config': {'bandwidth': 1.0, 'probability': 0.8}, 'net': 10.0}
CAL {'arm': 'full_gaussian', 'config': {'bandwidth': 1.0, 'probability': 0.9}, 'net': -1.6666666666666667}
CAL {'arm': 'full_gaussian', 'config': {'bandwidth': 1.0, 'probability': 0.95}, 'net': -1.6666666666666667}
CAL {'arm': 'joint_diagonal_kernel', 'config': {'bandwidth': 0.25, 'probability': 0.8}, 'net': 0.0}
CAL {'arm': 'joint_diagonal_kernel', 'config': {'bandwidth': 0.25, 'probability': 0.9}, 'net': 0.0}
CAL {'arm': 'joint_diagonal_kernel', 'config': {'bandwidth': 0.25, 'probability': 0.95}, 'net': 0.0}
CAL {'arm': 'joint_diagonal_kernel', 'config': {'bandwidth': 0.5, 'probability': 0.8}, 'net': 0.0}
CAL {'arm': 'joint_diagonal_kernel', 'config': {'bandwidth': 0.5, 'probability': 0.9}, 'net': 0.0}
CAL {'arm': 'joint_diagonal_kernel', 'config': {'bandwidth': 0.5, 'probability': 0.95}, 'net': 0.0}
CAL {'arm': 'joint_diagonal_kernel', 'config': {'bandwidth': 1.0, 'probability': 0.8}, 'net': 46.0}
CAL {'arm': 'joint_diagonal_kernel', 'config': {'bandwidth': 1.0, 'probability': 0.9}, 'net': 0.0}
CAL {'arm': 'joint_diagonal_kernel', 'config': {'bandwidth': 1.0, 'probability': 0.95}, 'net': 0.0}
CAL {'arm': 'unconditional', 'config': {'bandwidth': 0.25, 'probability': 0.8}, 'net': 8.333333333333334}
CAL {'arm': 'unconditional', 'config': {'bandwidth': 0.25, 'probability': 0.9}, 'net': 8.333333333333334}
CAL {'arm': 'unconditional', 'config': {'bandwidth': 0.25, 'probability': 0.95}, 'net': 9.333333333333334}
CAL {'arm': 'unconditional', 'config': {'bandwidth': 0.5, 'probability': 0.8}, 'net': 13.666666666666666}
CAL {'arm': 'unconditional', 'config': {'bandwidth': 0.5, 'probability': 0.9}, 'net': 8.333333333333334}
CAL {'arm': 'unconditional', 'config': {'bandwidth': 0.5, 'probability': 0.95}, 'net': 8.333333333333334}
CAL {'arm': 'unconditional', 'config': {'bandwidth': 1.0, 'probability': 0.8}, 'net': 54.333333333333336}
CAL {'arm': 'unconditional', 'config': {'bandwidth': 1.0, 'probability': 0.9}, 'net': -1.0}
CAL {'arm': 'unconditional', 'config': {'bandwidth': 1.0, 'probability': 0.95}, 'net': -1.0}
CAL {'arm': 'conditional_moment', 'config': {'bandwidth': 0.25, 'probability': 0.8}, 'net': 22.0}
CAL {'arm': 'conditional_moment', 'config': {'bandwidth': 0.25, 'probability': 0.9}, 'net': 22.0}
CAL {'arm': 'conditional_moment', 'config': {'bandwidth': 0.25, 'probability': 0.95}, 'net': 22.0}
CAL {'arm': 'conditional_moment', 'config': {'bandwidth': 0.5, 'probability': 0.8}, 'net': 22.0}
CAL {'arm': 'conditional_moment', 'config': {'bandwidth': 0.5, 'probability': 0.9}, 'net': 22.0}
CAL {'arm': 'conditional_moment', 'config': {'bandwidth': 0.5, 'probability': 0.95}, 'net': 14.666666666666666}
CAL {'arm': 'conditional_moment', 'config': {'bandwidth': 1.0, 'probability': 0.8}, 'net': 68.0}
CAL {'arm': 'conditional_moment', 'config': {'bandwidth': 1.0, 'probability': 0.9}, 'net': 5.333333333333333}
CAL {'arm': 'conditional_moment', 'config': {'bandwidth': 1.0, 'probability': 0.95}, 'net': 0.0}
CAL {'arm': 'pdf', 'config': {'bandwidth': 0.25, 'probability': 0.8}, 'net': 26.0}
CAL {'arm': 'pdf', 'config': {'bandwidth': 0.25, 'probability': 0.9}, 'net': 19.333333333333332}
CAL {'arm': 'pdf', 'config': {'bandwidth': 0.25, 'probability': 0.95}, 'net': 9.0}
CAL {'arm': 'pdf', 'config': {'bandwidth': 0.5, 'probability': 0.8}, 'net': 18.666666666666668}
CAL {'arm': 'pdf', 'config': {'bandwidth': 0.5, 'probability': 0.9}, 'net': 9.0}
CAL {'arm': 'pdf', 'config': {'bandwidth': 0.5, 'probability': 0.95}, 'net': 0.0}
CAL {'arm': 'pdf', 'config': {'bandwidth': 1.0, 'probability': 0.8}, 'net': 65.33333333333333}
CAL {'arm': 'pdf', 'config': {'bandwidth': 1.0, 'probability': 0.9}, 'net': 0.0}
CAL {'arm': 'pdf', 'config': {'bandwidth': 1.0, 'probability': 0.95}, 'net': 0.0}
CAL {'arm': 'qmf', 'config': {'bandwidth': 0.25, 'probability': 0.8}, 'net': 26.0}
CAL {'arm': 'qmf', 'config': {'bandwidth': 0.25, 'probability': 0.9}, 'net': 26.666666666666668}
CAL {'arm': 'qmf', 'config': {'bandwidth': 0.25, 'probability': 0.95}, 'net': 26.666666666666668}
CAL {'arm': 'qmf', 'config': {'bandwidth': 0.5, 'probability': 0.8}, 'net': 31.333333333333332}
CAL {'arm': 'qmf', 'config': {'bandwidth': 0.5, 'probability': 0.9}, 'net': 26.666666666666668}
CAL {'arm': 'qmf', 'config': {'bandwidth': 0.5, 'probability': 0.95}, 'net': 7.333333333333333}
CAL {'arm': 'qmf', 'config': {'bandwidth': 1.0, 'probability': 0.8}, 'net': 78.0}
CAL {'arm': 'qmf', 'config': {'bandwidth': 1.0, 'probability': 0.9}, 'net': 7.333333333333333}
CAL {'arm': 'qmf', 'config': {'bandwidth': 1.0, 'probability': 0.95}, 'net': 0.0}
CAL {'arm': 'dbf', 'config': {'bandwidth': 0.25, 'probability': 0.8}, 'net': 19.333333333333332}
CAL {'arm': 'dbf', 'config': {'bandwidth': 0.25, 'probability': 0.9}, 'net': 19.333333333333332}
CAL {'arm': 'dbf', 'config': {'bandwidth': 0.25, 'probability': 0.95}, 'net': 9.0}
CAL {'arm': 'dbf', 'config': {'bandwidth': 0.5, 'probability': 0.8}, 'net': 19.333333333333332}
CAL {'arm': 'dbf', 'config': {'bandwidth': 0.5, 'probability': 0.9}, 'net': 0.0}
CAL {'arm': 'dbf', 'config': {'bandwidth': 0.5, 'probability': 0.95}, 'net': 0.0}
CAL {'arm': 'dbf', 'config': {'bandwidth': 1.0, 'probability': 0.8}, 'net': 65.33333333333333}
CAL {'arm': 'dbf', 'config': {'bandwidth': 1.0, 'probability': 0.9}, 'net': 0.0}
CAL {'arm': 'dbf', 'config': {'bandwidth': 1.0, 'probability': 0.95}, 'net': 0.0}
SELECT {'paired': {'arm': 'paired', 'config': {'bandwidth': 1.0, 'probability': 0.8}, 'net': 68.0}, 'pair_factorized': {'arm': 'pair_factorized', 'config': {'bandwidth': 1.0, 'probability': 0.8}, 'net': 58.666666666666664}, 'full_gaussian': {'arm': 'full_gaussian', 'config': {'bandwidth': 0.25, 'probability': 0.95}, 'net': 15.0}, 'joint_diagonal_kernel': {'arm': 'joint_diagonal_kernel', 'config': {'bandwidth': 1.0, 'probability': 0.8}, 'net': 46.0}, 'unconditional': {'arm': 'unconditional', 'config': {'bandwidth': 1.0, 'probability': 0.8}, 'net': 54.333333333333336}, 'conditional_moment': {'arm': 'conditional_moment', 'config': {'bandwidth': 1.0, 'probability': 0.8}, 'net': 68.0}, 'pdf': {'arm': 'pdf', 'config': {'bandwidth': 1.0, 'probability': 0.8}, 'net': 65.33333333333333}, 'qmf': {'arm': 'qmf', 'config': {'bandwidth': 1.0, 'probability': 0.8}, 'net': 78.0}, 'dbf': {'arm': 'dbf', 'config': {'bandwidth': 1.0, 'probability': 0.8}, 'net': 65.33333333333333}} qmf
