CAL_V2 paired {'bandwidth': 0.25, 'probability': 0.8} 26.666666666666668
CAL_V2 paired {'bandwidth': 0.25, 'probability': 0.9} 19.333333333333332
CAL_V2 paired {'bandwidth': 0.25, 'probability': 0.95} 9.0
CAL_V2 paired {'bandwidth': 0.5, 'probability': 0.8} 19.333333333333332
CAL_V2 paired {'bandwidth': 0.5, 'probability': 0.9} 9.0
CAL_V2 paired {'bandwidth': 0.5, 'probability': 0.95} 0.0
CAL_V2 paired {'bandwidth': 1.0, 'probability': 0.8} 65.33333333333333
CAL_V2 paired {'bandwidth': 1.0, 'probability': 0.9} 0.0
CAL_V2 paired {'bandwidth': 1.0, 'probability': 0.95} 0.0
CAL_V2 pair_factorized {'bandwidth': 0.25, 'probability': 0.8} 26.666666666666668
CAL_V2 pair_factorized {'bandwidth': 0.25, 'probability': 0.9} 19.333333333333332
CAL_V2 pair_factorized {'bandwidth': 0.25, 'probability': 0.95} 9.0
CAL_V2 pair_factorized {'bandwidth': 0.5, 'probability': 0.8} 19.333333333333332
CAL_V2 pair_factorized {'bandwidth': 0.5, 'probability': 0.9} 9.0
CAL_V2 pair_factorized {'bandwidth': 0.5, 'probability': 0.95} 0.0
CAL_V2 pair_factorized {'bandwidth': 1.0, 'probability': 0.8} 65.33333333333333
CAL_V2 pair_factorized {'bandwidth': 1.0, 'probability': 0.9} 0.0
CAL_V2 pair_factorized {'bandwidth': 1.0, 'probability': 0.95} 0.0
CAL_V2 full_gaussian {'bandwidth': 0.25, 'probability': 0.8} 7.333333333333333
CAL_V2 full_gaussian {'bandwidth': 0.25, 'probability': 0.9} 0.0
CAL_V2 full_gaussian {'bandwidth': 0.25, 'probability': 0.95} 0.0
CAL_V2 full_gaussian {'bandwidth': 0.5, 'probability': 0.8} 0.0
CAL_V2 full_gaussian {'bandwidth': 0.5, 'probability': 0.9} 0.0
CAL_V2 full_gaussian {'bandwidth': 0.5, 'probability': 0.95} 0.0
CAL_V2 full_gaussian {'bandwidth': 1.0, 'probability': 0.8} 46.0
CAL_V2 full_gaussian {'bandwidth': 1.0, 'probability': 0.9} 0.0
CAL_V2 full_gaussian {'bandwidth': 1.0, 'probability': 0.95} 0.0
CAL_V2 joint_diagonal_kernel {'bandwidth': 0.25, 'probability': 0.8} 26.0
CAL_V2 joint_diagonal_kernel {'bandwidth': 0.25, 'probability': 0.9} 19.333333333333332
CAL_V2 joint_diagonal_kernel {'bandwidth': 0.25, 'probability': 0.95} 9.0
CAL_V2 joint_diagonal_kernel {'bandwidth': 0.5, 'probability': 0.8} 24.0
CAL_V2 joint_diagonal_kernel {'bandwidth': 0.5, 'probability': 0.9} 9.0
CAL_V2 joint_diagonal_kernel {'bandwidth': 0.5, 'probability': 0.95} 0.0
CAL_V2 joint_diagonal_kernel {'bandwidth': 1.0, 'probability': 0.8} 65.33333333333333
CAL_V2 joint_diagonal_kernel {'bandwidth': 1.0, 'probability': 0.9} 0.0
CAL_V2 joint_diagonal_kernel {'bandwidth': 1.0, 'probability': 0.95} 0.0
CAL_V2 unconditional {'bandwidth': 0.25, 'probability': 0.8} 26.0
CAL_V2 unconditional {'bandwidth': 0.25, 'probability': 0.9} 19.333333333333332
CAL_V2 unconditional {'bandwidth': 0.25, 'probability': 0.95} 9.0
CAL_V2 unconditional {'bandwidth': 0.5, 'probability': 0.8} 24.0
CAL_V2 unconditional {'bandwidth': 0.5, 'probability': 0.9} 9.0
CAL_V2 unconditional {'bandwidth': 0.5, 'probability': 0.95} 0.0
CAL_V2 unconditional {'bandwidth': 1.0, 'probability': 0.8} 65.33333333333333
CAL_V2 unconditional {'bandwidth': 1.0, 'probability': 0.9} 0.0
CAL_V2 unconditional {'bandwidth': 1.0, 'probability': 0.95} 0.0
CAL_V2 conditional_moment {'bandwidth': 0.25, 'probability': 0.8} 26.666666666666668
CAL_V2 conditional_moment {'bandwidth': 0.25, 'probability': 0.9} 19.333333333333332
CAL_V2 conditional_moment {'bandwidth': 0.25, 'probability': 0.95} 9.0
CAL_V2 conditional_moment {'bandwidth': 0.5, 'probability': 0.8} 19.333333333333332
CAL_V2 conditional_moment {'bandwidth': 0.5, 'probability': 0.9} 9.0
CAL_V2 conditional_moment {'bandwidth': 0.5, 'probability': 0.95} 0.0
CAL_V2 conditional_moment {'bandwidth': 1.0, 'probability': 0.8} 65.33333333333333
CAL_V2 conditional_moment {'bandwidth': 1.0, 'probability': 0.9} 0.0
CAL_V2 conditional_moment {'bandwidth': 1.0, 'probability': 0.95} 0.0
SELECT_V2 {'paired': {'arm': 'paired', 'config': {'bandwidth': 1.0, 'probability': 0.8}, 'net': 65.33333333333333}, 'pair_factorized': {'arm': 'pair_factorized', 'config': {'bandwidth': 1.0, 'probability': 0.8}, 'net': 65.33333333333333}, 'full_gaussian': {'arm': 'full_gaussian', 'config': {'bandwidth': 1.0, 'probability': 0.8}, 'net': 46.0}, 'joint_diagonal_kernel': {'arm': 'joint_diagonal_kernel', 'config': {'bandwidth': 1.0, 'probability': 0.8}, 'net': 65.33333333333333}, 'unconditional': {'arm': 'unconditional', 'config': {'bandwidth': 1.0, 'probability': 0.8}, 'net': 65.33333333333333}, 'conditional_moment': {'arm': 'conditional_moment', 'config': {'bandwidth': 1.0, 'probability': 0.8}, 'net': 65.33333333333333}}
