CAL paired {'bandwidth': 0.25, 'probability': 0.8} 4.333333333333333
CAL paired {'bandwidth': 0.25, 'probability': 0.9} 6.0
CAL paired {'bandwidth': 0.25, 'probability': 0.95} 15.0
CAL paired {'bandwidth': 0.5, 'probability': 0.8} -0.6666666666666666
CAL paired {'bandwidth': 0.5, 'probability': 0.9} 6.0
CAL paired {'bandwidth': 0.5, 'probability': 0.95} 7.666666666666667
CAL paired {'bandwidth': 1.0, 'probability': 0.8} -0.6666666666666666
CAL paired {'bandwidth': 1.0, 'probability': 0.9} -3.3333333333333335
CAL paired {'bandwidth': 1.0, 'probability': 0.95} -1.6666666666666667
CAL pair_factorized {'bandwidth': 0.25, 'probability': 0.8} -31.0
CAL pair_factorized {'bandwidth': 0.25, 'probability': 0.9} -5.0
CAL pair_factorized {'bandwidth': 0.25, 'probability': 0.95} 5.666666666666667
CAL pair_factorized {'bandwidth': 0.5, 'probability': 0.8} -10.0
CAL pair_factorized {'bandwidth': 0.5, 'probability': 0.9} -5.0
CAL pair_factorized {'bandwidth': 0.5, 'probability': 0.95} -1.6666666666666667
CAL pair_factorized {'bandwidth': 1.0, 'probability': 0.8} -10.0
CAL pair_factorized {'bandwidth': 1.0, 'probability': 0.9} -5.0
CAL pair_factorized {'bandwidth': 1.0, 'probability': 0.95} -1.6666666666666667
CAL full_gaussian {'bandwidth': 0.25, 'probability': 0.8} 6.0
CAL full_gaussian {'bandwidth': 0.25, 'probability': 0.9} 6.0
CAL full_gaussian {'bandwidth': 0.25, 'probability': 0.95} 6.0
CAL full_gaussian {'bandwidth': 0.5, 'probability': 0.8} 1.0
CAL full_gaussian {'bandwidth': 0.5, 'probability': 0.9} 6.0
CAL full_gaussian {'bandwidth': 0.5, 'probability': 0.95} 7.666666666666667
CAL full_gaussian {'bandwidth': 1.0, 'probability': 0.8} 1.0
CAL full_gaussian {'bandwidth': 1.0, 'probability': 0.9} -3.3333333333333335
CAL full_gaussian {'bandwidth': 1.0, 'probability': 0.95} -1.6666666666666667
CAL joint_diagonal_kernel {'bandwidth': 0.25, 'probability': 0.8} 7.333333333333333
CAL joint_diagonal_kernel {'bandwidth': 0.25, 'probability': 0.9} 0.0
CAL joint_diagonal_kernel {'bandwidth': 0.25, 'probability': 0.95} 0.0
CAL joint_diagonal_kernel {'bandwidth': 0.5, 'probability': 0.8} 7.333333333333333
CAL joint_diagonal_kernel {'bandwidth': 0.5, 'probability': 0.9} 0.0
CAL joint_diagonal_kernel {'bandwidth': 0.5, 'probability': 0.95} 0.0
CAL joint_diagonal_kernel {'bandwidth': 1.0, 'probability': 0.8} 46.0
CAL joint_diagonal_kernel {'bandwidth': 1.0, 'probability': 0.9} 0.0
CAL joint_diagonal_kernel {'bandwidth': 1.0, 'probability': 0.95} 0.0
CAL unconditional {'bandwidth': 0.25, 'probability': 0.8} -28.666666666666668
CAL unconditional {'bandwidth': 0.25, 'probability': 0.9} -28.666666666666668
CAL unconditional {'bandwidth': 0.25, 'probability': 0.95} 9.333333333333334
CAL unconditional {'bandwidth': 0.5, 'probability': 0.8} -23.333333333333332
CAL unconditional {'bandwidth': 0.5, 'probability': 0.9} 8.333333333333334
CAL unconditional {'bandwidth': 0.5, 'probability': 0.95} 8.333333333333334
CAL unconditional {'bandwidth': 1.0, 'probability': 0.8} -39.666666666666664
CAL unconditional {'bandwidth': 1.0, 'probability': 0.9} -1.0
CAL unconditional {'bandwidth': 1.0, 'probability': 0.95} -1.0
CAL conditional_moment {'bandwidth': 0.25, 'probability': 0.8} 4.333333333333333
CAL conditional_moment {'bandwidth': 0.25, 'probability': 0.9} 6.0
CAL conditional_moment {'bandwidth': 0.25, 'probability': 0.95} 15.0
CAL conditional_moment {'bandwidth': 0.5, 'probability': 0.8} -0.6666666666666666
CAL conditional_moment {'bandwidth': 0.5, 'probability': 0.9} 6.0
CAL conditional_moment {'bandwidth': 0.5, 'probability': 0.95} 7.666666666666667
CAL conditional_moment {'bandwidth': 1.0, 'probability': 0.8} -0.6666666666666666
CAL conditional_moment {'bandwidth': 1.0, 'probability': 0.9} -3.3333333333333335
CAL conditional_moment {'bandwidth': 1.0, 'probability': 0.95} -1.6666666666666667
CAL pdf {'bandwidth': 0.25, 'probability': 0.8} 26.0
CAL pdf {'bandwidth': 0.25, 'probability': 0.9} 19.333333333333332
CAL pdf {'bandwidth': 0.25, 'probability': 0.95} 9.0
CAL pdf {'bandwidth': 0.5, 'probability': 0.8} 18.666666666666668
CAL pdf {'bandwidth': 0.5, 'probability': 0.9} 9.0
CAL pdf {'bandwidth': 0.5, 'probability': 0.95} 0.0
CAL pdf {'bandwidth': 1.0, 'probability': 0.8} 65.33333333333333
CAL pdf {'bandwidth': 1.0, 'probability': 0.9} 0.0
CAL pdf {'bandwidth': 1.0, 'probability': 0.95} 0.0
CAL qmf {'bandwidth': 0.25, 'probability': 0.8} 26.0
CAL qmf {'bandwidth': 0.25, 'probability': 0.9} 26.666666666666668
CAL qmf {'bandwidth': 0.25, 'probability': 0.95} 26.666666666666668
CAL qmf {'bandwidth': 0.5, 'probability': 0.8} 31.333333333333332
CAL qmf {'bandwidth': 0.5, 'probability': 0.9} 26.666666666666668
CAL qmf {'bandwidth': 0.5, 'probability': 0.95} 7.333333333333333
CAL qmf {'bandwidth': 1.0, 'probability': 0.8} 78.0
CAL qmf {'bandwidth': 1.0, 'probability': 0.9} 7.333333333333333
CAL qmf {'bandwidth': 1.0, 'probability': 0.95} 0.0
CAL dbf {'bandwidth': 0.25, 'probability': 0.8} 19.333333333333332
CAL dbf {'bandwidth': 0.25, 'probability': 0.9} 19.333333333333332
CAL dbf {'bandwidth': 0.25, 'probability': 0.95} 9.0
CAL dbf {'bandwidth': 0.5, 'probability': 0.8} 19.333333333333332
CAL dbf {'bandwidth': 0.5, 'probability': 0.9} 0.0
CAL dbf {'bandwidth': 0.5, 'probability': 0.95} 0.0
CAL dbf {'bandwidth': 1.0, 'probability': 0.8} 65.33333333333333
CAL dbf {'bandwidth': 1.0, 'probability': 0.9} 0.0
CAL dbf {'bandwidth': 1.0, 'probability': 0.95} 0.0
SELECT {'paired': {'arm': 'paired', 'config': {'bandwidth': 0.25, 'probability': 0.95}, 'net': 15.0}, 'pair_factorized': {'arm': 'pair_factorized', 'config': {'bandwidth': 0.25, 'probability': 0.95}, 'net': 5.666666666666667}, 'full_gaussian': {'arm': 'full_gaussian', 'config': {'bandwidth': 0.5, 'probability': 0.95}, 'net': 7.666666666666667}, 'joint_diagonal_kernel': {'arm': 'joint_diagonal_kernel', 'config': {'bandwidth': 1.0, 'probability': 0.8}, 'net': 46.0}, 'unconditional': {'arm': 'unconditional', 'config': {'bandwidth': 0.25, 'probability': 0.95}, 'net': 9.333333333333334}, 'conditional_moment': {'arm': 'conditional_moment', 'config': {'bandwidth': 0.25, 'probability': 0.95}, 'net': 15.0}, 'pdf': {'arm': 'pdf', 'config': {'bandwidth': 1.0, 'probability': 0.8}, 'net': 65.33333333333333}, 'qmf': {'arm': 'qmf', 'config': {'bandwidth': 1.0, 'probability': 0.8}, 'net': 78.0}, 'dbf': {'arm': 'dbf', 'config': {'bandwidth': 1.0, 'probability': 0.8}, 'net': 65.33333333333333}} STRONGEST qmf
