{
  "passed": true,
  "source_hashes_unchanged": true,
  "calibration_evaluations": 27,
  "test_trajectories": 5,
  "independent_fork_checks": 210,
  "max_independent_target_error": 1.0658141036401503e-14,
  "max_independent_service_error": 7.105427357601002e-15,
  "budget_trajectories": 80,
  "max_guard_accounting_error": 0.0,
  "same_observed_history_masks_weights_and_models": true,
  "max_predictive_diagonal_error": 0.0,
  "max_dynamic_issued_q_difference": 0.045000000000000005,
  "min_factorized_P_diagonal": 0.011022607278022225,
  "min_factorized_R_diagonal": 0.009404031293812846,
  "max_kkt": 1.8374627416828382e-08,
  "state_relation": {
    "states": 210,
    "nonzero_mean_differences": 82,
    "nonzero_precision_differences": 82,
    "max_mean_difference": 0.07863291227188263,
    "max_precision_difference": 0.014863967215490973
  }
}
