CAL gas paired {'bandwidth': 0.25, 'zeta': 0.0} 0.0
CAL gas paired {'bandwidth': 0.25, 'zeta': 0.5} 0.0
CAL gas paired {'bandwidth': 0.25, 'zeta': 1.0} 0.0
CAL gas paired {'bandwidth': 0.5, 'zeta': 0.0} 0.0
CAL gas paired {'bandwidth': 0.5, 'zeta': 0.5} 0.0
CAL gas paired {'bandwidth': 0.5, 'zeta': 1.0} 0.0
CAL gas paired {'bandwidth': 1.0, 'zeta': 0.0} 0.0
CAL gas paired {'bandwidth': 1.0, 'zeta': 0.5} 0.0
CAL gas paired {'bandwidth': 1.0, 'zeta': 1.0} 0.0
CAL gas marginal {'bandwidth': 0.25, 'zeta': 0.0} 0.0
CAL gas marginal {'bandwidth': 0.25, 'zeta': 0.5} 0.0
CAL gas marginal {'bandwidth': 0.25, 'zeta': 1.0} 0.0
CAL gas marginal {'bandwidth': 0.5, 'zeta': 0.0} 0.0
CAL gas marginal {'bandwidth': 0.5, 'zeta': 0.5} 0.0
CAL gas marginal {'bandwidth': 0.5, 'zeta': 1.0} 0.0
CAL gas marginal {'bandwidth': 1.0, 'zeta': 0.0} 0.0
CAL gas marginal {'bandwidth': 1.0, 'zeta': 0.5} 0.0
CAL gas marginal {'bandwidth': 1.0, 'zeta': 1.0} 0.0
CAL gas factorized {'bandwidth': 0.25, 'zeta': 0.0} 0.0
CAL gas factorized {'bandwidth': 0.25, 'zeta': 0.5} 0.0
CAL gas factorized {'bandwidth': 0.25, 'zeta': 1.0} 0.0
CAL gas factorized {'bandwidth': 0.5, 'zeta': 0.0} 0.0
CAL gas factorized {'bandwidth': 0.5, 'zeta': 0.5} 0.0
CAL gas factorized {'bandwidth': 0.5, 'zeta': 1.0} 0.0
CAL gas factorized {'bandwidth': 1.0, 'zeta': 0.0} 0.0
CAL gas factorized {'bandwidth': 1.0, 'zeta': 0.5} 0.0
CAL gas factorized {'bandwidth': 1.0, 'zeta': 1.0} 0.0
CAL gas zero_increment {'bandwidth': 0.25, 'zeta': 0.0} 0.0
CAL gas zero_increment {'bandwidth': 0.25, 'zeta': 0.5} 0.0
CAL gas zero_increment {'bandwidth': 0.25, 'zeta': 1.0} 0.0
CAL gas zero_increment {'bandwidth': 0.5, 'zeta': 0.0} 0.0
CAL gas zero_increment {'bandwidth': 0.5, 'zeta': 0.5} 0.0
CAL gas zero_increment {'bandwidth': 0.5, 'zeta': 1.0} 0.0
CAL gas zero_increment {'bandwidth': 1.0, 'zeta': 0.0} 0.0
CAL gas zero_increment {'bandwidth': 1.0, 'zeta': 0.5} 0.0
CAL gas zero_increment {'bandwidth': 1.0, 'zeta': 1.0} 0.0
SELECT gas {'paired': {'arm': 'paired', 'config': {'bandwidth': 1.0, 'zeta': 0.0}, 'net': 0.0}, 'marginal': {'arm': 'marginal', 'config': {'bandwidth': 1.0, 'zeta': 0.0}, 'net': 0.0}, 'factorized': {'arm': 'factorized', 'config': {'bandwidth': 1.0, 'zeta': 0.0}, 'net': 0.0}, 'zero_increment': {'arm': 'zero_increment', 'config': {'bandwidth': 1.0, 'zeta': 0.0}, 'net': 0.0}}
