CAL rss paired {'bandwidth': 0.25, 'zeta': 0.0} 99.33333333333333
CAL rss paired {'bandwidth': 0.25, 'zeta': 0.5} 99.33333333333333
CAL rss paired {'bandwidth': 0.25, 'zeta': 1.0} 99.33333333333333
CAL rss paired {'bandwidth': 0.5, 'zeta': 0.0} 99.33333333333333
CAL rss paired {'bandwidth': 0.5, 'zeta': 0.5} 99.33333333333333
CAL rss paired {'bandwidth': 0.5, 'zeta': 1.0} 99.33333333333333
CAL rss paired {'bandwidth': 1.0, 'zeta': 0.0} 99.33333333333333
CAL rss paired {'bandwidth': 1.0, 'zeta': 0.5} 99.33333333333333
CAL rss paired {'bandwidth': 1.0, 'zeta': 1.0} 99.33333333333333
CAL rss marginal {'bandwidth': 0.25, 'zeta': 0.0} 99.33333333333333
CAL rss marginal {'bandwidth': 0.25, 'zeta': 0.5} 74.0
CAL rss marginal {'bandwidth': 0.25, 'zeta': 1.0} 74.0
CAL rss marginal {'bandwidth': 0.5, 'zeta': 0.0} 99.33333333333333
CAL rss marginal {'bandwidth': 0.5, 'zeta': 0.5} 74.0
CAL rss marginal {'bandwidth': 0.5, 'zeta': 1.0} 74.0
CAL rss marginal {'bandwidth': 1.0, 'zeta': 0.0} 99.33333333333333
CAL rss marginal {'bandwidth': 1.0, 'zeta': 0.5} 82.0
CAL rss marginal {'bandwidth': 1.0, 'zeta': 1.0} 74.0
CAL rss factorized {'bandwidth': 0.25, 'zeta': 0.0} 99.33333333333333
CAL rss factorized {'bandwidth': 0.25, 'zeta': 0.5} 91.0
CAL rss factorized {'bandwidth': 0.25, 'zeta': 1.0} 83.0
CAL rss factorized {'bandwidth': 0.5, 'zeta': 0.0} 99.33333333333333
CAL rss factorized {'bandwidth': 0.5, 'zeta': 0.5} 99.33333333333333
CAL rss factorized {'bandwidth': 0.5, 'zeta': 1.0} 91.0
CAL rss factorized {'bandwidth': 1.0, 'zeta': 0.0} 99.33333333333333
CAL rss factorized {'bandwidth': 1.0, 'zeta': 0.5} 99.33333333333333
CAL rss factorized {'bandwidth': 1.0, 'zeta': 1.0} 91.0
CAL rss zero_increment {'bandwidth': 0.25, 'zeta': 0.0} 99.33333333333333
CAL rss zero_increment {'bandwidth': 0.25, 'zeta': 0.5} 99.33333333333333
CAL rss zero_increment {'bandwidth': 0.25, 'zeta': 1.0} 99.33333333333333
CAL rss zero_increment {'bandwidth': 0.5, 'zeta': 0.0} 99.33333333333333
CAL rss zero_increment {'bandwidth': 0.5, 'zeta': 0.5} 99.33333333333333
CAL rss zero_increment {'bandwidth': 0.5, 'zeta': 1.0} 99.33333333333333
CAL rss zero_increment {'bandwidth': 1.0, 'zeta': 0.0} 99.33333333333333
CAL rss zero_increment {'bandwidth': 1.0, 'zeta': 0.5} 99.33333333333333
CAL rss zero_increment {'bandwidth': 1.0, 'zeta': 1.0} 99.33333333333333
SELECT rss {'paired': {'arm': 'paired', 'config': {'bandwidth': 1.0, 'zeta': 0.0}, 'net': 99.33333333333333}, 'marginal': {'arm': 'marginal', 'config': {'bandwidth': 1.0, 'zeta': 0.0}, 'net': 99.33333333333333}, 'factorized': {'arm': 'factorized', 'config': {'bandwidth': 1.0, 'zeta': 0.0}, 'net': 99.33333333333333}, 'zero_increment': {'arm': 'zero_increment', 'config': {'bandwidth': 1.0, 'zeta': 0.0}, 'net': 99.33333333333333}}
